[0.067s] DEBUG:colcon:Command line arguments: ['/usr/bin/colcon', 'build']
[0.067s] DEBUG:colcon:Parsed command line arguments: Namespace(log_base=None, log_level=None, verb_name='build', build_base='build', install_base='install', merge_install=False, symlink_install=False, test_result_base=None, continue_on_error=False, executor='parallel', parallel_workers=24, event_handlers=None, ignore_user_meta=False, metas=['./colcon.meta'], base_paths=['.'], packages_ignore=None, packages_ignore_regex=None, paths=None, packages_up_to=None, packages_up_to_regex=None, packages_above=None, packages_above_and_dependencies=None, packages_above_depth=None, packages_select_by_dep=None, packages_skip_by_dep=None, packages_skip_up_to=None, packages_select_build_failed=False, packages_skip_build_finished=False, packages_select_test_failures=False, packages_skip_test_passed=False, packages_select=None, packages_skip=None, packages_select_regex=None, packages_skip_regex=None, packages_start=None, packages_end=None, allow_overriding=[], cmake_args=None, cmake_target=None, cmake_target_skip_unavailable=False, cmake_clean_cache=False, cmake_clean_first=False, cmake_force_configure=False, ament_cmake_args=None, catkin_cmake_args=None, catkin_skip_building_tests=False, mixin_files=None, mixin=None, verb_parser=<colcon_mixin.mixin.mixin_argument.MixinArgumentDecorator object at 0x7db24d27b190>, verb_extension=<colcon_core.verb.build.BuildVerb object at 0x7db24d3bc790>, main=<bound method BuildVerb.main of <colcon_core.verb.build.BuildVerb object at 0x7db24d3bc790>>, mixin_verb=('build',))
[0.190s] Level 1:colcon.colcon_core.package_discovery:discover_packages(colcon_meta) check parameters
[0.190s] Level 1:colcon.colcon_core.package_discovery:discover_packages(recursive) check parameters
[0.190s] Level 1:colcon.colcon_core.package_discovery:discover_packages(ignore) check parameters
[0.190s] Level 1:colcon.colcon_core.package_discovery:discover_packages(path) check parameters
[0.190s] Level 1:colcon.colcon_core.package_discovery:discover_packages(colcon_meta) discover
[0.190s] Level 1:colcon.colcon_core.package_discovery:discover_packages(recursive) discover
[0.190s] INFO:colcon.colcon_core.package_discovery:Crawling recursively for packages in '/home/raz/gazebo__custom_plugins/storm_gazebo_ros_magnet'
[0.191s] Level 1:colcon.colcon_core.package_identification:_identify(.) by extensions ['ignore', 'ignore_ament_install']
[0.191s] Level 1:colcon.colcon_core.package_identification:_identify(.) by extension 'ignore'
[0.191s] Level 1:colcon.colcon_core.package_identification:_identify(.) by extension 'ignore_ament_install'
[0.191s] Level 1:colcon.colcon_core.package_identification:_identify(.) by extensions ['colcon_pkg']
[0.191s] Level 1:colcon.colcon_core.package_identification:_identify(.) by extension 'colcon_pkg'
[0.191s] Level 1:colcon.colcon_core.package_identification:_identify(.) by extensions ['colcon_meta']
[0.191s] Level 1:colcon.colcon_core.package_identification:_identify(.) by extension 'colcon_meta'
[0.191s] Level 1:colcon.colcon_core.package_identification:_identify(.) by extensions ['ros']
[0.191s] Level 1:colcon.colcon_core.package_identification:_identify(.) by extension 'ros'
[0.200s] DEBUG:colcon.colcon_core.package_identification:Package '.' with type 'ros.ament_cmake' and name 'storm_gazebo_magnet'
[0.200s] Level 1:colcon.colcon_core.package_discovery:discover_packages(recursive) using defaults
[0.200s] Level 1:colcon.colcon_core.package_discovery:discover_packages(ignore) discover
[0.200s] Level 1:colcon.colcon_core.package_discovery:discover_packages(ignore) using defaults
[0.200s] Level 1:colcon.colcon_core.package_discovery:discover_packages(path) discover
[0.200s] Level 1:colcon.colcon_core.package_discovery:discover_packages(path) using defaults
[0.212s] Level 1:colcon.colcon_core.package_discovery:discover_packages(prefix_path) check parameters
[0.212s] Level 1:colcon.colcon_core.package_discovery:discover_packages(prefix_path) discover
[0.214s] DEBUG:colcon.colcon_installed_package_information.package_discovery:Found 478 installed packages in /opt/ros/humble
[0.216s] Level 1:colcon.colcon_core.package_discovery:discover_packages(prefix_path) using defaults
[0.247s] Level 5:colcon.colcon_core.verb:set package 'storm_gazebo_magnet' build argument 'cmake_args' from command line to 'None'
[0.247s] Level 5:colcon.colcon_core.verb:set package 'storm_gazebo_magnet' build argument 'cmake_target' from command line to 'None'
[0.247s] Level 5:colcon.colcon_core.verb:set package 'storm_gazebo_magnet' build argument 'cmake_target_skip_unavailable' from command line to 'False'
[0.247s] Level 5:colcon.colcon_core.verb:set package 'storm_gazebo_magnet' build argument 'cmake_clean_cache' from command line to 'False'
[0.247s] Level 5:colcon.colcon_core.verb:set package 'storm_gazebo_magnet' build argument 'cmake_clean_first' from command line to 'False'
[0.247s] Level 5:colcon.colcon_core.verb:set package 'storm_gazebo_magnet' build argument 'cmake_force_configure' from command line to 'False'
[0.247s] Level 5:colcon.colcon_core.verb:set package 'storm_gazebo_magnet' build argument 'ament_cmake_args' from command line to 'None'
[0.247s] Level 5:colcon.colcon_core.verb:set package 'storm_gazebo_magnet' build argument 'catkin_cmake_args' from command line to 'None'
[0.247s] Level 5:colcon.colcon_core.verb:set package 'storm_gazebo_magnet' build argument 'catkin_skip_building_tests' from command line to 'False'
[0.247s] DEBUG:colcon.colcon_core.verb:Building package 'storm_gazebo_magnet' with the following arguments: {'ament_cmake_args': None, 'build_base': '/home/raz/gazebo__custom_plugins/storm_gazebo_ros_magnet/build/storm_gazebo_magnet', 'catkin_cmake_args': None, 'catkin_skip_building_tests': False, 'cmake_args': None, 'cmake_clean_cache': False, 'cmake_clean_first': False, 'cmake_force_configure': False, 'cmake_target': None, 'cmake_target_skip_unavailable': False, 'install_base': '/home/raz/gazebo__custom_plugins/storm_gazebo_ros_magnet/install/storm_gazebo_magnet', 'merge_install': False, 'path': '/home/raz/gazebo__custom_plugins/storm_gazebo_ros_magnet', 'symlink_install': False, 'test_result_base': None}
[0.247s] INFO:colcon.colcon_core.executor:Executing jobs using 'parallel' executor
[0.248s] DEBUG:colcon.colcon_parallel_executor.executor.parallel:run_until_complete
[0.248s] INFO:colcon.colcon_ros.task.ament_cmake.build:Building ROS package in '/home/raz/gazebo__custom_plugins/storm_gazebo_ros_magnet' with build type 'ament_cmake'
[0.249s] INFO:colcon.colcon_cmake.task.cmake.build:Building CMake package in '/home/raz/gazebo__custom_plugins/storm_gazebo_ros_magnet'
[0.250s] INFO:colcon.colcon_core.plugin_system:Skipping extension 'colcon_core.shell.bat': Not used on non-Windows systems
[0.250s] INFO:colcon.colcon_core.shell:Skip shell extension 'powershell' for command environment: Not usable outside of PowerShell
[0.250s] DEBUG:colcon.colcon_core.shell:Skip shell extension 'dsv' for command environment
[0.256s] DEBUG:colcon.colcon_core.event_handler.log_command:Invoking command in '/home/raz/gazebo__custom_plugins/storm_gazebo_ros_magnet/build/storm_gazebo_magnet': CMAKE_PREFIX_PATH=/opt/ros/humble /usr/bin/cmake /home/raz/gazebo__custom_plugins/storm_gazebo_ros_magnet -DCMAKE_INSTALL_PREFIX=/home/raz/gazebo__custom_plugins/storm_gazebo_ros_magnet/install/storm_gazebo_magnet
[2.240s] DEBUG:colcon.colcon_core.event_handler.log_command:Invoked command in '/home/raz/gazebo__custom_plugins/storm_gazebo_ros_magnet/build/storm_gazebo_magnet' returned '0': CMAKE_PREFIX_PATH=/opt/ros/humble /usr/bin/cmake /home/raz/gazebo__custom_plugins/storm_gazebo_ros_magnet -DCMAKE_INSTALL_PREFIX=/home/raz/gazebo__custom_plugins/storm_gazebo_ros_magnet/install/storm_gazebo_magnet
[2.242s] DEBUG:colcon.colcon_core.event_handler.log_command:Invoking command in '/home/raz/gazebo__custom_plugins/storm_gazebo_ros_magnet/build/storm_gazebo_magnet': CMAKE_PREFIX_PATH=/opt/ros/humble /usr/bin/cmake --build /home/raz/gazebo__custom_plugins/storm_gazebo_ros_magnet/build/storm_gazebo_magnet -- -j24 -l24
[6.355s] DEBUG:colcon.colcon_core.event_handler.log_command:Invoked command in '/home/raz/gazebo__custom_plugins/storm_gazebo_ros_magnet/build/storm_gazebo_magnet' returned '0': CMAKE_PREFIX_PATH=/opt/ros/humble /usr/bin/cmake --build /home/raz/gazebo__custom_plugins/storm_gazebo_ros_magnet/build/storm_gazebo_magnet -- -j24 -l24
[6.361s] DEBUG:colcon.colcon_core.event_handler.log_command:Invoking command in '/home/raz/gazebo__custom_plugins/storm_gazebo_ros_magnet/build/storm_gazebo_magnet': CMAKE_PREFIX_PATH=/opt/ros/humble /usr/bin/cmake --install /home/raz/gazebo__custom_plugins/storm_gazebo_ros_magnet/build/storm_gazebo_magnet
[6.371s] Level 1:colcon.colcon_core.environment:create_environment_scripts_only(storm_gazebo_magnet)
[6.371s] DEBUG:colcon.colcon_core.event_handler.log_command:Invoked command in '/home/raz/gazebo__custom_plugins/storm_gazebo_ros_magnet/build/storm_gazebo_magnet' returned '0': CMAKE_PREFIX_PATH=/opt/ros/humble /usr/bin/cmake --install /home/raz/gazebo__custom_plugins/storm_gazebo_ros_magnet/build/storm_gazebo_magnet
[6.372s] Level 1:colcon.colcon_core.environment:checking '/home/raz/gazebo__custom_plugins/storm_gazebo_ros_magnet/install/storm_gazebo_magnet' for CMake module files
[6.373s] Level 1:colcon.colcon_core.environment:checking '/home/raz/gazebo__custom_plugins/storm_gazebo_ros_magnet/install/storm_gazebo_magnet' for CMake config files
[6.373s] Level 1:colcon.colcon_core.shell:create_environment_hook('storm_gazebo_magnet', 'cmake_prefix_path')
[6.373s] INFO:colcon.colcon_core.shell:Creating environment hook '/home/raz/gazebo__custom_plugins/storm_gazebo_ros_magnet/install/storm_gazebo_magnet/share/storm_gazebo_magnet/hook/cmake_prefix_path.ps1'
[6.374s] INFO:colcon.colcon_core.shell:Creating environment descriptor '/home/raz/gazebo__custom_plugins/storm_gazebo_ros_magnet/install/storm_gazebo_magnet/share/storm_gazebo_magnet/hook/cmake_prefix_path.dsv'
[6.374s] INFO:colcon.colcon_core.shell:Creating environment hook '/home/raz/gazebo__custom_plugins/storm_gazebo_ros_magnet/install/storm_gazebo_magnet/share/storm_gazebo_magnet/hook/cmake_prefix_path.sh'
[6.375s] Level 1:colcon.colcon_core.environment:checking '/home/raz/gazebo__custom_plugins/storm_gazebo_ros_magnet/install/storm_gazebo_magnet/lib'
[6.375s] Level 1:colcon.colcon_core.environment:checking '/home/raz/gazebo__custom_plugins/storm_gazebo_ros_magnet/install/storm_gazebo_magnet/bin'
[6.375s] Level 1:colcon.colcon_core.environment:checking '/home/raz/gazebo__custom_plugins/storm_gazebo_ros_magnet/install/storm_gazebo_magnet/lib/pkgconfig/storm_gazebo_magnet.pc'
[6.376s] Level 1:colcon.colcon_core.environment:checking '/home/raz/gazebo__custom_plugins/storm_gazebo_ros_magnet/install/storm_gazebo_magnet/lib/python3.10/site-packages'
[6.376s] Level 1:colcon.colcon_core.environment:checking '/home/raz/gazebo__custom_plugins/storm_gazebo_ros_magnet/install/storm_gazebo_magnet/bin'
[6.376s] INFO:colcon.colcon_core.shell:Creating package script '/home/raz/gazebo__custom_plugins/storm_gazebo_ros_magnet/install/storm_gazebo_magnet/share/storm_gazebo_magnet/package.ps1'
[6.377s] INFO:colcon.colcon_core.shell:Creating package descriptor '/home/raz/gazebo__custom_plugins/storm_gazebo_ros_magnet/install/storm_gazebo_magnet/share/storm_gazebo_magnet/package.dsv'
[6.377s] INFO:colcon.colcon_core.shell:Creating package script '/home/raz/gazebo__custom_plugins/storm_gazebo_ros_magnet/install/storm_gazebo_magnet/share/storm_gazebo_magnet/package.sh'
[6.378s] INFO:colcon.colcon_core.shell:Creating package script '/home/raz/gazebo__custom_plugins/storm_gazebo_ros_magnet/install/storm_gazebo_magnet/share/storm_gazebo_magnet/package.bash'
[6.379s] INFO:colcon.colcon_core.shell:Creating package script '/home/raz/gazebo__custom_plugins/storm_gazebo_ros_magnet/install/storm_gazebo_magnet/share/storm_gazebo_magnet/package.zsh'
[6.379s] Level 1:colcon.colcon_core.environment:create_file_with_runtime_dependencies(/home/raz/gazebo__custom_plugins/storm_gazebo_ros_magnet/install/storm_gazebo_magnet/share/colcon-core/packages/storm_gazebo_magnet)
[6.380s] Level 1:colcon.colcon_core.environment:create_environment_scripts_only(storm_gazebo_magnet)
[6.380s] Level 1:colcon.colcon_core.environment:checking '/home/raz/gazebo__custom_plugins/storm_gazebo_ros_magnet/install/storm_gazebo_magnet' for CMake module files
[6.381s] Level 1:colcon.colcon_core.environment:checking '/home/raz/gazebo__custom_plugins/storm_gazebo_ros_magnet/install/storm_gazebo_magnet' for CMake config files
[6.381s] Level 1:colcon.colcon_core.shell:create_environment_hook('storm_gazebo_magnet', 'cmake_prefix_path')
[6.381s] INFO:colcon.colcon_core.shell:Creating environment hook '/home/raz/gazebo__custom_plugins/storm_gazebo_ros_magnet/install/storm_gazebo_magnet/share/storm_gazebo_magnet/hook/cmake_prefix_path.ps1'
[6.381s] INFO:colcon.colcon_core.shell:Creating environment descriptor '/home/raz/gazebo__custom_plugins/storm_gazebo_ros_magnet/install/storm_gazebo_magnet/share/storm_gazebo_magnet/hook/cmake_prefix_path.dsv'
[6.382s] INFO:colcon.colcon_core.shell:Creating environment hook '/home/raz/gazebo__custom_plugins/storm_gazebo_ros_magnet/install/storm_gazebo_magnet/share/storm_gazebo_magnet/hook/cmake_prefix_path.sh'
[6.382s] Level 1:colcon.colcon_core.environment:checking '/home/raz/gazebo__custom_plugins/storm_gazebo_ros_magnet/install/storm_gazebo_magnet/lib'
[6.382s] Level 1:colcon.colcon_core.environment:checking '/home/raz/gazebo__custom_plugins/storm_gazebo_ros_magnet/install/storm_gazebo_magnet/bin'
[6.382s] Level 1:colcon.colcon_core.environment:checking '/home/raz/gazebo__custom_plugins/storm_gazebo_ros_magnet/install/storm_gazebo_magnet/lib/pkgconfig/storm_gazebo_magnet.pc'
[6.383s] Level 1:colcon.colcon_core.environment:checking '/home/raz/gazebo__custom_plugins/storm_gazebo_ros_magnet/install/storm_gazebo_magnet/lib/python3.10/site-packages'
[6.383s] Level 1:colcon.colcon_core.environment:checking '/home/raz/gazebo__custom_plugins/storm_gazebo_ros_magnet/install/storm_gazebo_magnet/bin'
[6.383s] INFO:colcon.colcon_core.shell:Creating package script '/home/raz/gazebo__custom_plugins/storm_gazebo_ros_magnet/install/storm_gazebo_magnet/share/storm_gazebo_magnet/package.ps1'
[6.383s] INFO:colcon.colcon_core.shell:Creating package descriptor '/home/raz/gazebo__custom_plugins/storm_gazebo_ros_magnet/install/storm_gazebo_magnet/share/storm_gazebo_magnet/package.dsv'
[6.384s] INFO:colcon.colcon_core.shell:Creating package script '/home/raz/gazebo__custom_plugins/storm_gazebo_ros_magnet/install/storm_gazebo_magnet/share/storm_gazebo_magnet/package.sh'
[6.384s] INFO:colcon.colcon_core.shell:Creating package script '/home/raz/gazebo__custom_plugins/storm_gazebo_ros_magnet/install/storm_gazebo_magnet/share/storm_gazebo_magnet/package.bash'
[6.384s] INFO:colcon.colcon_core.shell:Creating package script '/home/raz/gazebo__custom_plugins/storm_gazebo_ros_magnet/install/storm_gazebo_magnet/share/storm_gazebo_magnet/package.zsh'
[6.385s] Level 1:colcon.colcon_core.environment:create_file_with_runtime_dependencies(/home/raz/gazebo__custom_plugins/storm_gazebo_ros_magnet/install/storm_gazebo_magnet/share/colcon-core/packages/storm_gazebo_magnet)
[6.385s] DEBUG:colcon.colcon_parallel_executor.executor.parallel:closing loop
[6.385s] DEBUG:colcon.colcon_parallel_executor.executor.parallel:loop closed
[6.385s] DEBUG:colcon.colcon_parallel_executor.executor.parallel:run_until_complete finished with '0'
[6.385s] DEBUG:colcon.colcon_core.event_reactor:joining thread
[6.388s] INFO:colcon.colcon_core.plugin_system:Skipping extension 'colcon_notification.desktop_notification.terminal_notifier': Not used on non-Darwin systems
[6.389s] INFO:colcon.colcon_core.plugin_system:Skipping extension 'colcon_notification.desktop_notification.win32': Not used on non-Windows systems
[6.389s] INFO:colcon.colcon_notification.desktop_notification:Sending desktop notification using 'notify2'
[6.406s] DEBUG:colcon.colcon_core.event_reactor:joined thread
[6.406s] INFO:colcon.colcon_core.shell:Creating prefix script '/home/raz/gazebo__custom_plugins/storm_gazebo_ros_magnet/install/local_setup.ps1'
[6.407s] INFO:colcon.colcon_core.shell:Creating prefix util module '/home/raz/gazebo__custom_plugins/storm_gazebo_ros_magnet/install/_local_setup_util_ps1.py'
[6.408s] INFO:colcon.colcon_core.shell:Creating prefix chain script '/home/raz/gazebo__custom_plugins/storm_gazebo_ros_magnet/install/setup.ps1'
[6.409s] INFO:colcon.colcon_core.shell:Creating prefix script '/home/raz/gazebo__custom_plugins/storm_gazebo_ros_magnet/install/local_setup.sh'
[6.409s] INFO:colcon.colcon_core.shell:Creating prefix util module '/home/raz/gazebo__custom_plugins/storm_gazebo_ros_magnet/install/_local_setup_util_sh.py'
[6.409s] INFO:colcon.colcon_core.shell:Creating prefix chain script '/home/raz/gazebo__custom_plugins/storm_gazebo_ros_magnet/install/setup.sh'
[6.410s] INFO:colcon.colcon_core.shell:Creating prefix script '/home/raz/gazebo__custom_plugins/storm_gazebo_ros_magnet/install/local_setup.bash'
[6.410s] INFO:colcon.colcon_core.shell:Creating prefix chain script '/home/raz/gazebo__custom_plugins/storm_gazebo_ros_magnet/install/setup.bash'
[6.410s] INFO:colcon.colcon_core.shell:Creating prefix script '/home/raz/gazebo__custom_plugins/storm_gazebo_ros_magnet/install/local_setup.zsh'
[6.410s] INFO:colcon.colcon_core.shell:Creating prefix chain script '/home/raz/gazebo__custom_plugins/storm_gazebo_ros_magnet/install/setup.zsh'
